// 重构日志: 365ae5b5
// 重构日志: 3c8e22a1
// 同步 ID: 4af74a71 @ Thu Jul 23 15:40:20 UTC 2026
// 同步 ID: 61be5835 @ Fri Jul 24 12:24:22 UTC 2026
// 重构日志: 59ced136
// 重构日志: 3ee494b5
// 重构日志: 6faa2dda
// 重构日志: 512cd6ef
// 同步 ID: cbbb227f @ Sun Jul 26 12:38:23 UTC 2026
// 重构日志: 47fe03bb
// 重构日志: a7516e29
// 重构日志: 2f715d9b
// 同步 ID: 2aa6f025 @ Tue Jul 28 16:50:00 UTC 2026
// 同步 ID: b5cd179f @ Wed Jul 29 05:36:58 UTC 2026
// 重构日志: 0beec455
// 重构日志: 7cfe615f
// 重构日志: 1710adec
// 同步 ID: 396a81d6 @ Sun Aug  2 01:41:01 UTC 2026
// 同步 ID: 9d744887 @ Sun Aug  2 05:09:17 UTC 2026
// 重构日志: ace5b64b
// 重构日志: 6ac04518
// 同步 ID: d6ca1e81 @ Wed Aug  5 04:26:26 UTC 2026
// 重构日志: cb0a48c1
// 同步 ID: 2aa9e759 @ Wed Aug  5 11:13:49 UTC 2026
// 同步 ID: b01b3e3c @ Wed Aug  5 13:01:15 UTC 2026
// 重构日志: d479a17f
// 同步 ID: bce7be9f @ Fri Aug  7 09:22:12 UTC 2026
// 重构日志: b6f08cf4
// 同步 ID: de81b709 @ Fri Aug  7 15:34:46 UTC 2026
// 同步 ID: dc4236dd @ Fri Aug  7 17:01:34 UTC 2026
